MPLINK 4.33, Linker
Linker Map File - Created Sat Oct 03 17:28:30 2009

                                 Section Info
                  Section       Type    Address   Location Size(Bytes)
                ---------  ---------  ---------  ---------  ---------
                   .org_0       code   0x000000    program   0x000002
                   .cinit    romdata   0x000001    program   0x000004
                   .org_1       code   0x000004    program   0x00005c
  .config_2007_PESADORA.O       code   0x002007    program   0x000002



                              Program Memory Usage 
                               Start         End      
                           ---------   ---------      
                            0x000000    0x000002      
                            0x000004    0x000031      
                            0x002007    0x002007      
            50 out of 2183 program addresses used, program memory utilization is 2%



                              Symbols - Sorted by Name
                     Name    Address   Location    Storage File                     
                ---------  ---------  ---------  --------- ---------                
                 EMBRULHO   0x000029    program     static C:\Users\Fernando\Documents\Projetos\SW\Pesadora Chafil\pesadora.asm
                   INICIO   0x000012    program     static C:\Users\Fernando\Documents\Projetos\SW\Pesadora Chafil\pesadora.asm
                  INT_DEF   0x000007    program     static C:\Users\Fernando\Documents\Projetos\SW\Pesadora Chafil\pesadora.asm
                  INT_END   0x00000d    program     static C:\Users\Fernando\Documents\Projetos\SW\Pesadora Chafil\pesadora.asm
                   ROTINA   0x000023    program     static C:\Users\Fernando\Documents\Projetos\SW\Pesadora Chafil\pesadora.asm



                              Symbols - Sorted by Address
                     Name    Address   Location    Storage File                     
                ---------  ---------  ---------  --------- ---------                
                  INT_DEF   0x000007    program     static C:\Users\Fernando\Documents\Projetos\SW\Pesadora Chafil\pesadora.asm
                  INT_END   0x00000d    program     static C:\Users\Fernando\Documents\Projetos\SW\Pesadora Chafil\pesadora.asm
                   INICIO   0x000012    program     static C:\Users\Fernando\Documents\Projetos\SW\Pesadora Chafil\pesadora.asm
                   ROTINA   0x000023    program     static C:\Users\Fernando\Documents\Projetos\SW\Pesadora Chafil\pesadora.asm
                 EMBRULHO   0x000029    program     static C:\Users\Fernando\Documents\Projetos\SW\Pesadora Chafil\pesadora.asm


